2024-05-08 09:40:19.073 [TestNG-test=Test-1] INFO  api.test.StoreTests - ************** Get Order By Id  ******************
2024-05-08 09:40:21.928 [TestNG-test=Test-2] INFO  api.test.UserTests - ************** User is Created ******************
2024-05-08 09:40:21.954 [TestNG-test=Test-2] INFO  api.test.UserTests - ************** Reading User Info ******************
2024-05-08 09:40:21.955 [TestNG-test=Test-1] INFO  api.test.StoreTests - ************** Reading Store Inventory Info ******************
2024-05-08 09:40:23.191 [TestNG-test=Test-2] INFO  api.test.UserTests - ************** User Info Displayed ******************
2024-05-08 09:40:23.199 [TestNG-test=Test-2] INFO  api.test.UserTests - ************** Updating User ******************
2024-05-08 09:40:23.204 [TestNG-test=Test-1] INFO  api.test.StoreTests - ************** Store Inventory Info Displayed ******************
2024-05-08 09:40:23.207 [TestNG-test=Test-1] INFO  api.test.StoreTests - ************** Create a order Info ******************
2024-05-08 09:40:24.454 [TestNG-test=Test-2] INFO  api.test.UserTests - ************** User Updated ******************
2024-05-08 09:40:24.457 [TestNG-test=Test-2] INFO  api.test.UserTests - ************** Deleting User ******************
2024-05-08 09:40:24.493 [TestNG-test=Test-1] INFO  api.test.StoreTests - ************** Order created Info Displayed ******************
2024-05-08 09:40:24.496 [TestNG-test=Test-1] INFO  api.test.StoreTests - ************** Delete Order By Id  ******************
2024-05-08 09:40:25.697 [TestNG-test=Test-2] INFO  api.test.UserTests - ************** User Deleted ******************
2024-05-08 09:40:25.786 [TestNG-test=Test-1] INFO  api.test.StoreTests - ************** Order Deleted Info Displayed ******************
2024-05-08 09:40:58.139 [main] INFO  api.test.UserTests - ************** Creating User ******************
2024-05-08 09:41:01.128 [main] INFO  api.test.UserTests - ************** User is Created ******************
2024-05-08 09:41:01.143 [main] INFO  api.test.UserTests - ************** Reading User Info ******************
2024-05-08 09:41:02.518 [main] INFO  api.test.UserTests - ************** User Info Displayed ******************
2024-05-08 09:41:02.523 [main] INFO  api.test.UserTests - ************** Updating User ******************
2024-05-08 09:41:03.793 [main] INFO  api.test.UserTests - ************** User Updated ******************
2024-05-08 09:41:03.798 [main] INFO  api.test.UserTests - ************** Deleting User ******************
2024-05-08 09:41:05.086 [main] INFO  api.test.UserTests - ************** User Deleted ******************
2024-05-08 09:41:05.096 [main] INFO  api.test.StoreTests - ************** Get Order By Id  ******************
2024-05-08 09:41:06.428 [main] INFO  api.test.StoreTests - ************** Reading Store Inventory Info ******************
2024-05-08 09:41:07.661 [main] INFO  api.test.StoreTests - ************** Store Inventory Info Displayed ******************
2024-05-08 09:41:07.669 [main] INFO  api.test.StoreTests - ************** Create a order Info ******************
2024-05-08 09:41:08.975 [main] INFO  api.test.StoreTests - ************** Order created Info Displayed ******************
2024-05-08 09:41:08.982 [main] INFO  api.test.StoreTests - ************** Delete Order By Id  ******************
2024-05-08 09:41:10.302 [main] INFO  api.test.StoreTests - ************** Order Deleted Info Displayed ******************
2024-05-08 09:41:29.837 [TestNG-test=Test-2] INFO  api.test.UserTests - ************** Creating User ******************
2024-05-08 09:41:32.464 [TestNG-test=Test-2] INFO  api.test.UserTests - ************** User is Created ******************
2024-05-08 09:41:32.488 [TestNG-test=Test-2] INFO  api.test.UserTests - ************** Reading User Info ******************
2024-05-08 09:41:32.489 [TestNG-test=Test-1] INFO  api.test.StoreTests - ************** Reading Store Inventory Info ******************
2024-05-08 09:41:33.761 [TestNG-test=Test-1] INFO  api.test.StoreTests - ************** Store Inventory Info Displayed ******************
2024-05-08 09:41:33.766 [TestNG-test=Test-1] INFO  api.test.StoreTests - ************** Create a order Info ******************
2024-05-08 09:41:33.805 [TestNG-test=Test-2] INFO  api.test.UserTests - ************** User Info Displayed ******************
2024-05-08 09:41:33.809 [TestNG-test=Test-2] INFO  api.test.UserTests - ************** Updating User ******************
2024-05-08 09:41:34.996 [TestNG-test=Test-2] INFO  api.test.UserTests - ************** User Updated ******************
2024-05-08 09:41:34.999 [TestNG-test=Test-2] INFO  api.test.UserTests - ************** Deleting User ******************
2024-05-08 09:41:35.013 [TestNG-test=Test-1] INFO  api.test.StoreTests - ************** Order created Info Displayed ******************
2024-05-08 09:41:35.017 [TestNG-test=Test-1] INFO  api.test.StoreTests - ************** Delete Order By Id  ******************
2024-05-08 09:41:36.316 [TestNG-test=Test-2] INFO  api.test.UserTests - ************** User Deleted ******************
2024-05-08 09:41:36.343 [TestNG-test=Test-1] INFO  api.test.StoreTests - ************** Order Deleted Info Displayed ******************
